[INFO] [launch]: All log files can be found below /home/ubuntu/.ros/log/2026-05-29-14-33-36-240491-jetauto-5909
[INFO] [launch]: Default logging verbosity is set to INFO
[INFO] [sllidar_node-1]: process started with pid [5911]
[INFO] [ros_robot_controller-2]: process started with pid [5913]
[INFO] [odom_publisher-3]: process started with pid [5915]
[INFO] [usb_cam_node_exe-4]: process started with pid [5917]
[INFO] [detector_node-5]: process started with pid [5919]
[INFO] [free_space_node-6]: process started with pid [5921]
[INFO] [planner_controller_node-7]: process started with pid [5923]
[INFO] [safety_shield_node-8]: process started with pid [5925]
[sllidar_node-1] [INFO] [1780065217.625779367] [sllidar_node]: SLLidar running on ROS2 package SLLidar.ROS2 SDK Version:1.0.1, SLLIDAR SDK Version:2.1.0
[sllidar_node-1] [INFO] [1780065217.643841446] [sllidar_node]: SLLidar S/N: 9DC4FA89C7E19EC8BCE499F016135670
[sllidar_node-1] [INFO] [1780065217.643951973] [sllidar_node]: Firmware Ver: 1.29
[sllidar_node-1] [INFO] [1780065217.643992913] [sllidar_node]: Hardware Rev: 7
[sllidar_node-1] [INFO] [1780065217.646688761] [sllidar_node]: SLLidar health status : 0
[sllidar_node-1] [INFO] [1780065217.646781840] [sllidar_node]: SLLidar health status : OK.
[free_space_node-6] [INFO] [1780065219.145511895] [free_space_node]: free_space_node subscribed to /scan, publishing /nav/local_obstacle_features
[odom_publisher-3] [INFO] [1780065219.513385360] [odom_publisher]: [1;32m1.000000 1.000000[0m
[odom_publisher-3] [INFO] [1780065219.542470736] [odom_publisher]: [1;32mstart[0m
[sllidar_node-1] [INFO] [1780065219.608207851] [sllidar_node]: current scan mode: Sensitivity, sample rate: 8 Khz, max_distance: 12.0 m, scan frequency:10.0 Hz, 
[planner_controller_node-7] [INFO] [1780065220.286985337] [planner_controller_node]: planner_controller_node subscribed to /scan, ['/det/detections', '/det/yellow_boxes'], and depth /camera/depth/image_raw, publishing /cmd_vel_raw
[planner_controller_node-7] [INFO] [1780065220.744845284] [planner_controller_node]: saved first LiDAR free-space visualization: /home/ubuntu/phantom_ws/artifacts/first_lidar_freespace.png
[usb_cam_node_exe-4] [INFO] [1780065220.903369388] [usb_cam]: camera_name value: rear_camera
[usb_cam_node_exe-4] [WARN] [1780065220.908743945] [usb_cam]: framerate: 30.000000
[usb_cam_node_exe-4] [INFO] [1780065220.972458533] [usb_cam]: using default calibration URL
[usb_cam_node_exe-4] [INFO] [1780065220.972581926] [usb_cam]: camera calibration URL: file:///home/ubuntu/.ros/camera_info/rear_camera.yaml
[usb_cam_node_exe-4] [ERROR] [1780065220.972760740] [camera_calibration_parsers]: Unable to open camera calibration file [/home/ubuntu/.ros/camera_info/rear_camera.yaml]
[usb_cam_node_exe-4] [WARN] [1780065220.972802513] [usb_cam]: Camera calibration file /home/ubuntu/.ros/camera_info/rear_camera.yaml not found
[usb_cam_node_exe-4] [INFO] [1780065220.973900499] [usb_cam]: Starting 'rear_camera' (/dev/video2) at 640x480 via mmap (yuyv) at 30 FPS
[usb_cam_node_exe-4] [swscaler @ 0x557a414750] No accelerated colorspace conversion found from yuv422p to rgb24.
[usb_cam_node_exe-4] This device supports the following formats:
[usb_cam_node_exe-4] 	YUYV 4:2:2 320 x 180 (60 Hz)
[usb_cam_node_exe-4] 	YUYV 4:2:2 320 x 180 (30 Hz)
[usb_cam_node_exe-4] 	YUYV 4:2:2 320 x 180 (6 Hz)
[usb_cam_node_exe-4] 	YUYV 4:2:2 320 x 240 (60 Hz)
[usb_cam_node_exe-4] 	YUYV 4:2:2 320 x 240 (30 Hz)
[usb_cam_node_exe-4] 	YUYV 4:2:2 320 x 240 (6 Hz)
[usb_cam_node_exe-4] 	YUYV 4:2:2 424 x 240 (60 Hz)
[usb_cam_node_exe-4] 	YUYV 4:2:2 424 x 240 (30 Hz)
[usb_cam_node_exe-4] 	YUYV 4:2:2 424 x 240 (15 Hz)
[usb_cam_node_exe-4] 	YUYV 4:2:2 424 x 240 (6 Hz)
[usb_cam_node_exe-4] 	YUYV 4:2:2 640 x 360 (60 Hz)
[usb_cam_node_exe-4] 	YUYV 4:2:2 640 x 360 (30 Hz)
[usb_cam_node_exe-4] 	YUYV 4:2:2 640 x 360 (15 Hz)
[usb_cam_node_exe-4] 	YUYV 4:2:2 640 x 360 (6 Hz)
[usb_cam_node_exe-4] 	YUYV 4:2:2 640 x 480 (60 Hz)
[usb_cam_node_exe-4] 	YUYV 4:2:2 640 x 480 (30 Hz)
[usb_cam_node_exe-4] 	YUYV 4:2:2 640 x 480 (15 Hz)
[usb_cam_node_exe-4] 	YUYV 4:2:2 640 x 480 (6 Hz)
[usb_cam_node_exe-4] 	YUYV 4:2:2 848 x 480 (60 Hz)
[usb_cam_node_exe-4] 	YUYV 4:2:2 848 x 480 (30 Hz)
[usb_cam_node_exe-4] 	YUYV 4:2:2 848 x 480 (15 Hz)
[usb_cam_node_exe-4] 	YUYV 4:2:2 848 x 480 (6 Hz)
[usb_cam_node_exe-4] 	YUYV 4:2:2 960 x 540 (60 Hz)
[usb_cam_node_exe-4] 	YUYV 4:2:2 960 x 540 (30 Hz)
[usb_cam_node_exe-4] 	YUYV 4:2:2 960 x 540 (15 Hz)
[usb_cam_node_exe-4] 	YUYV 4:2:2 960 x 540 (6 Hz)
[usb_cam_node_exe-4] 	YUYV 4:2:2 1280 x 720 (30 Hz)
[usb_cam_node_exe-4] 	YUYV 4:2:2 1280 x 720 (15 Hz)
[usb_cam_node_exe-4] 	YUYV 4:2:2 1280 x 720 (6 Hz)
[usb_cam_node_exe-4] 	YUYV 4:2:2 1920 x 1080 (30 Hz)
[usb_cam_node_exe-4] 	YUYV 4:2:2 1920 x 1080 (15 Hz)
[usb_cam_node_exe-4] 	YUYV 4:2:2 1920 x 1080 (6 Hz)
[usb_cam_node_exe-4] 	16-bit Bayer BGBG/GRGR (Exp.) 1920 x 1080 (30 Hz)
[usb_cam_node_exe-4] [INFO] [1780065220.982690845] [usb_cam]: Setting 'brightness' to 50
[usb_cam_node_exe-4] [INFO] [1780065221.079075195] [usb_cam]: Setting 'white_balance_temperature_auto' to 1
[usb_cam_node_exe-4] [INFO] [1780065221.079214527] [usb_cam]: Setting 'exposure_auto' to 3
[usb_cam_node_exe-4] [INFO] [1780065221.162703898] [usb_cam]: Setting 'focus_auto' to 0
[usb_cam_node_exe-4] unknown control 'focus_auto'
[usb_cam_node_exe-4] 
[usb_cam_node_exe-4] [INFO] [1780065221.242168901] [usb_cam]: Timer triggering every 33 ms
[planner_controller_node-7] [INFO] [1780065221.566706989] [planner_controller_node]: available image/depth topics: /camera/depth/image_raw [sensor_msgs/msg/Image]; /camera_info [sensor_msgs/msg/CameraInfo]; /image_raw/compressed [sensor_msgs/msg/CompressedImage]; /image_raw/compressedDepth [sensor_msgs/msg/CompressedImage]; /image_raw/theora [theora_image_transport/msg/Packet]; /usb_cam/image_raw [sensor_msgs/msg/Image]
[safety_shield_node-8] [INFO] [1780065222.317670916] [safety_shield_node]: Safety shield subscribed to /cmd_vel_raw and /nav/local_obstacle_features, publishing /controller/cmd_vel
[ros_robot_controller-2] [INFO] [1780065223.456291307] [ros_robot_controller]: [1;32mstart[0m
[detector_node-5] /home/ubuntu/.local/lib/python3.10/site-packages/matplotlib/projections/__init__.py:63: UserWarning: Unable to import Axes3D. This may be due to multiple versions of Matplotlib being installed (e.g. as a system package and as a pip package). As a result, the 3D projection is not available.
[detector_node-5]   warnings.warn("Unable to import Axes3D. This may be due to multiple versions of "
