Traceback (most recent call last):
  File "/tmp/phantom_10s_capture.py", line 217, in <module>
    main()
  File "/tmp/phantom_10s_capture.py", line 209, in main
    rclpy.spin(node)
  File "/opt/ros/humble/local/lib/python3.10/dist-packages/rclpy/__init__.py", line 222, in spin
    executor.spin_once()
  File "/opt/ros/humble/local/lib/python3.10/dist-packages/rclpy/executors.py", line 739, in spin_once
    self._spin_once_impl(timeout_sec)
  File "/opt/ros/humble/local/lib/python3.10/dist-packages/rclpy/executors.py", line 734, in _spin_once_impl
    handler()
  File "/opt/ros/humble/local/lib/python3.10/dist-packages/rclpy/task.py", line 239, in __call__
    self._handler.send(None)
  File "/opt/ros/humble/local/lib/python3.10/dist-packages/rclpy/executors.py", line 437, in handler
    await call_coroutine(entity, arg)
  File "/opt/ros/humble/local/lib/python3.10/dist-packages/rclpy/executors.py", line 351, in _execute_timer
    await await_or_execute(tmr.callback)
  File "/opt/ros/humble/local/lib/python3.10/dist-packages/rclpy/executors.py", line 107, in await_or_execute
    return callback(*args)
  File "/tmp/phantom_10s_capture.py", line 130, in tick
    rclpy.shutdown()
  File "/opt/ros/humble/local/lib/python3.10/dist-packages/rclpy/__init__.py", line 126, in shutdown
    _shutdown(context=context)
  File "/opt/ros/humble/local/lib/python3.10/dist-packages/rclpy/utilities.py", line 58, in shutdown
    return context.shutdown()
  File "/opt/ros/humble/local/lib/python3.10/dist-packages/rclpy/context.py", line 103, in shutdown
    self._call_on_shutdown_callbacks()
  File "/opt/ros/humble/local/lib/python3.10/dist-packages/rclpy/context.py", line 92, in _call_on_shutdown_callbacks
    callback = weak_method()
  File "/opt/ros/humble/local/lib/python3.10/dist-packages/rclpy/__init__.py", line 107, in reset_executor
    __executor.shutdown()
  File "/opt/ros/humble/local/lib/python3.10/dist-packages/rclpy/executors.py", line 223, in shutdown
    if not self._work_tracker.wait(timeout_sec):
  File "/opt/ros/humble/local/lib/python3.10/dist-packages/rclpy/executors.py", line 94, in wait
    if not self._work_condition.wait_for(
  File "/usr/lib/python3.10/threading.py", line 355, in wait_for
    self.wait(waittime)
  File "/usr/lib/python3.10/threading.py", line 320, in wait
    waiter.acquire()
KeyboardInterrupt
