[INFO] [launch]: All log files can be found below /home/ubuntu/.ros/log/2026-05-29-14-21-24-834499-jetauto-4515
[INFO] [launch]: Default logging verbosity is set to INFO
[INFO] [sllidar_node-1]: process started with pid [4517]
[INFO] [ros_robot_controller-2]: process started with pid [4519]
[INFO] [odom_publisher-3]: process started with pid [4521]
[INFO] [usb_cam_node_exe-4]: process started with pid [4523]
[INFO] [detector_node-5]: process started with pid [4529]
[INFO] [free_space_node-6]: process started with pid [4535]
[INFO] [planner_controller_node-7]: process started with pid [4537]
[INFO] [safety_shield_node-8]: process started with pid [4539]
[sllidar_node-1] [INFO] [1780064486.441052434] [sllidar_node]: SLLidar running on ROS2 package SLLidar.ROS2 SDK Version:1.0.1, SLLIDAR SDK Version:2.1.0
[sllidar_node-1] [INFO] [1780064486.461544656] [sllidar_node]: SLLidar S/N: 9DC4FA89C7E19EC8BCE499F016135670
[sllidar_node-1] [INFO] [1780064486.461695649] [sllidar_node]: Firmware Ver: 1.29
[sllidar_node-1] [INFO] [1780064486.461761953] [sllidar_node]: Hardware Rev: 7
[sllidar_node-1] [INFO] [1780064486.465126202] [sllidar_node]: SLLidar health status : 0
[sllidar_node-1] [INFO] [1780064486.465255216] [sllidar_node]: SLLidar health status : OK.
[sllidar_node-1] [INFO] [1780064486.694214487] [sllidar_node]: current scan mode: Sensitivity, sample rate: 8 Khz, max_distance: 12.0 m, scan frequency:10.0 Hz, 
[odom_publisher-3] [INFO] [1780064489.951534630] [odom_publisher]: [1;32m1.000000 1.000000[0m
[odom_publisher-3] [INFO] [1780064489.988181677] [odom_publisher]: [1;32mstart[0m
[usb_cam_node_exe-4] [INFO] [1780064490.169389672] [usb_cam]: camera_name value: rear_camera
[usb_cam_node_exe-4] [WARN] [1780064490.172854809] [usb_cam]: framerate: 30.000000
[free_space_node-6] [INFO] [1780064490.362393426] [free_space_node]: free_space_node subscribed to /scan, publishing /nav/local_obstacle_features
[safety_shield_node-8] [INFO] [1780064490.402601601] [safety_shield_node]: Safety shield subscribed to /cmd_vel_raw and /nav/local_obstacle_features, publishing /controller/cmd_vel
[planner_controller_node-7] [INFO] [1780064490.995036369] [planner_controller_node]: planner_controller_node subscribed to /scan, ['/det/detections', '/det/yellow_boxes'], and depth /camera/depth/image_raw, publishing /cmd_vel_raw
[usb_cam_node_exe-4] [INFO] [1780064491.067710343] [usb_cam]: using default calibration URL
[usb_cam_node_exe-4] [INFO] [1780064491.067834565] [usb_cam]: camera calibration URL: file:///home/ubuntu/.ros/camera_info/rear_camera.yaml
[usb_cam_node_exe-4] [ERROR] [1780064491.068030455] [camera_calibration_parsers]: Unable to open camera calibration file [/home/ubuntu/.ros/camera_info/rear_camera.yaml]
[usb_cam_node_exe-4] [WARN] [1780064491.068081186] [usb_cam]: Camera calibration file /home/ubuntu/.ros/camera_info/rear_camera.yaml not found
[usb_cam_node_exe-4] [INFO] [1780064491.077281828] [usb_cam]: Starting 'rear_camera' (/dev/video2) at 640x480 via mmap (yuyv) at 30 FPS
[usb_cam_node_exe-4] [swscaler @ 0x5584655570] No accelerated colorspace conversion found from yuv422p to rgb24.
[usb_cam_node_exe-4] This device supports the following formats:
[usb_cam_node_exe-4] 	YUYV 4:2:2 320 x 180 (60 Hz)
[usb_cam_node_exe-4] 	YUYV 4:2:2 320 x 180 (30 Hz)
[usb_cam_node_exe-4] 	YUYV 4:2:2 320 x 180 (6 Hz)
[usb_cam_node_exe-4] 	YUYV 4:2:2 320 x 240 (60 Hz)
[usb_cam_node_exe-4] 	YUYV 4:2:2 320 x 240 (30 Hz)
[usb_cam_node_exe-4] 	YUYV 4:2:2 320 x 240 (6 Hz)
[usb_cam_node_exe-4] 	YUYV 4:2:2 424 x 240 (60 Hz)
[usb_cam_node_exe-4] 	YUYV 4:2:2 424 x 240 (30 Hz)
[usb_cam_node_exe-4] 	YUYV 4:2:2 424 x 240 (15 Hz)
[usb_cam_node_exe-4] 	YUYV 4:2:2 424 x 240 (6 Hz)
[usb_cam_node_exe-4] 	YUYV 4:2:2 640 x 360 (60 Hz)
[usb_cam_node_exe-4] 	YUYV 4:2:2 640 x 360 (30 Hz)
[usb_cam_node_exe-4] 	YUYV 4:2:2 640 x 360 (15 Hz)
[usb_cam_node_exe-4] 	YUYV 4:2:2 640 x 360 (6 Hz)
[usb_cam_node_exe-4] 	YUYV 4:2:2 640 x 480 (60 Hz)
[usb_cam_node_exe-4] 	YUYV 4:2:2 640 x 480 (30 Hz)
[usb_cam_node_exe-4] 	YUYV 4:2:2 640 x 480 (15 Hz)
[usb_cam_node_exe-4] 	YUYV 4:2:2 640 x 480 (6 Hz)
[usb_cam_node_exe-4] 	YUYV 4:2:2 848 x 480 (60 Hz)
[usb_cam_node_exe-4] 	YUYV 4:2:2 848 x 480 (30 Hz)
[usb_cam_node_exe-4] 	YUYV 4:2:2 848 x 480 (15 Hz)
[usb_cam_node_exe-4] 	YUYV 4:2:2 848 x 480 (6 Hz)
[usb_cam_node_exe-4] 	YUYV 4:2:2 960 x 540 (60 Hz)
[usb_cam_node_exe-4] 	YUYV 4:2:2 960 x 540 (30 Hz)
[usb_cam_node_exe-4] 	YUYV 4:2:2 960 x 540 (15 Hz)
[usb_cam_node_exe-4] 	YUYV 4:2:2 960 x 540 (6 Hz)
[usb_cam_node_exe-4] 	YUYV 4:2:2 1280 x 720 (30 Hz)
[usb_cam_node_exe-4] 	YUYV 4:2:2 1280 x 720 (15 Hz)
[usb_cam_node_exe-4] 	YUYV 4:2:2 1280 x 720 (6 Hz)
[usb_cam_node_exe-4] 	YUYV 4:2:2 1920 x 1080 (30 Hz)
[usb_cam_node_exe-4] 	YUYV 4:2:2 1920 x 1080 (15 Hz)
[usb_cam_node_exe-4] 	YUYV 4:2:2 1920 x 1080 (6 Hz)
[usb_cam_node_exe-4] 	16-bit Bayer BGBG/GRGR (Exp.) 1920 x 1080 (30 Hz)
[usb_cam_node_exe-4] [INFO] [1780064491.117842929] [usb_cam]: Setting 'brightness' to 50
[usb_cam_node_exe-4] [INFO] [1780064491.389585286] [usb_cam]: Setting 'white_balance_temperature_auto' to 1
[usb_cam_node_exe-4] [INFO] [1780064491.389726904] [usb_cam]: Setting 'exposure_auto' to 3
[planner_controller_node-7] [INFO] [1780064491.407529372] [planner_controller_node]: saved first LiDAR free-space visualization: /home/ubuntu/phantom_ws/artifacts/first_lidar_freespace.png
[usb_cam_node_exe-4] [INFO] [1780064491.475966836] [usb_cam]: Setting 'focus_auto' to 0
[usb_cam_node_exe-4] unknown control 'focus_auto'
[usb_cam_node_exe-4] 
[usb_cam_node_exe-4] [INFO] [1780064491.588583041] [usb_cam]: Timer triggering every 33 ms
[planner_controller_node-7] [INFO] [1780064492.351869146] [planner_controller_node]: available image/depth topics: /camera/depth/image_raw [sensor_msgs/msg/Image]; /camera_info [sensor_msgs/msg/CameraInfo]; /image_raw/compressed [sensor_msgs/msg/CompressedImage]; /image_raw/compressedDepth [sensor_msgs/msg/CompressedImage]; /image_raw/theora [theora_image_transport/msg/Packet]; /usb_cam/image_raw [sensor_msgs/msg/Image]
[ros_robot_controller-2] [INFO] [1780064493.738778498] [ros_robot_controller]: [1;32mstart[0m
[detector_node-5] /home/ubuntu/.local/lib/python3.10/site-packages/matplotlib/projections/__init__.py:63: UserWarning: Unable to import Axes3D. This may be due to multiple versions of Matplotlib being installed (e.g. as a system package and as a pip package). As a result, the 3D projection is not available.
[detector_node-5]   warnings.warn("Unable to import Axes3D. This may be due to multiple versions of "
