[INFO] [launch]: All log files can be found below /home/ubuntu/.ros/log/2026-06-04-03-19-10-135284-jetauto-6599
[INFO] [launch]: Default logging verbosity is set to INFO
[INFO] [sllidar_node-1]: process started with pid [6610]
[INFO] [ros_robot_controller-2]: process started with pid [6612]
[INFO] [odom_publisher-3]: process started with pid [6614]
[INFO] [usb_cam_node_exe-4]: process started with pid [6616]
[INFO] [detector_node-5]: process started with pid [6618]
[INFO] [free_space_node-6]: process started with pid [6621]
[INFO] [rear_perception_node-7]: process started with pid [6630]
[INFO] [planner_controller_node-8]: process started with pid [6633]
[INFO] [safety_shield_node-9]: process started with pid [6636]
[sllidar_node-1] [INFO] [1780543151.359071450] [sllidar_node]: SLLidar running on ROS2 package SLLidar.ROS2 SDK Version:1.0.1, SLLIDAR SDK Version:2.1.0
[sllidar_node-1] [INFO] [1780543151.470547522] [sllidar_node]: SLLidar S/N: 9DC4FA89C7E19EC8BCE499F016135670
[sllidar_node-1] [INFO] [1780543151.470676844] [sllidar_node]: Firmware Ver: 1.29
[sllidar_node-1] [INFO] [1780543151.470720924] [sllidar_node]: Hardware Rev: 7
[sllidar_node-1] [INFO] [1780543151.473604037] [sllidar_node]: SLLidar health status : 0
[sllidar_node-1] [INFO] [1780543151.473701835] [sllidar_node]: SLLidar health status : OK.
[sllidar_node-1] [INFO] [1780543151.702251284] [sllidar_node]: current scan mode: Sensitivity, sample rate: 8 Khz, max_distance: 12.0 m, scan frequency:10.0 Hz, 
[usb_cam_node_exe-4] [INFO] [1780543152.553340806] [usb_cam]: camera_name value: rear_camera
[usb_cam_node_exe-4] [WARN] [1780543152.556329998] [usb_cam]: framerate: 30.000000
[usb_cam_node_exe-4] [INFO] [1780543152.592305661] [usb_cam]: using default calibration URL
[usb_cam_node_exe-4] [INFO] [1780543152.594308894] [usb_cam]: camera calibration URL: file:///home/ubuntu/.ros/camera_info/rear_camera.yaml
[usb_cam_node_exe-4] [ERROR] [1780543152.596080474] [camera_calibration_parsers]: Unable to open camera calibration file [/home/ubuntu/.ros/camera_info/rear_camera.yaml]
[usb_cam_node_exe-4] [WARN] [1780543152.597760351] [usb_cam]: Camera calibration file /home/ubuntu/.ros/camera_info/rear_camera.yaml not found
[usb_cam_node_exe-4] [INFO] [1780543152.600350897] [usb_cam]: Starting 'rear_camera' (/dev/video2) at 640x480 via mmap (yuyv) at 30 FPS
[usb_cam_node_exe-4] [swscaler @ 0x5596d84070] No accelerated colorspace conversion found from yuv422p to rgb24.
[usb_cam_node_exe-4] This device supports the following formats:
[usb_cam_node_exe-4] 	YUYV 4:2:2 320 x 180 (60 Hz)
[usb_cam_node_exe-4] 	YUYV 4:2:2 320 x 180 (30 Hz)
[usb_cam_node_exe-4] 	YUYV 4:2:2 320 x 180 (6 Hz)
[usb_cam_node_exe-4] 	YUYV 4:2:2 320 x 240 (60 Hz)
[usb_cam_node_exe-4] 	YUYV 4:2:2 320 x 240 (30 Hz)
[usb_cam_node_exe-4] 	YUYV 4:2:2 320 x 240 (6 Hz)
[usb_cam_node_exe-4] 	YUYV 4:2:2 424 x 240 (60 Hz)
[usb_cam_node_exe-4] 	YUYV 4:2:2 424 x 240 (30 Hz)
[usb_cam_node_exe-4] 	YUYV 4:2:2 424 x 240 (15 Hz)
[usb_cam_node_exe-4] 	YUYV 4:2:2 424 x 240 (6 Hz)
[usb_cam_node_exe-4] 	YUYV 4:2:2 640 x 360 (60 Hz)
[usb_cam_node_exe-4] 	YUYV 4:2:2 640 x 360 (30 Hz)
[usb_cam_node_exe-4] 	YUYV 4:2:2 640 x 360 (15 Hz)
[usb_cam_node_exe-4] 	YUYV 4:2:2 640 x 360 (6 Hz)
[usb_cam_node_exe-4] 	YUYV 4:2:2 640 x 480 (60 Hz)
[usb_cam_node_exe-4] 	YUYV 4:2:2 640 x 480 (30 Hz)
[usb_cam_node_exe-4] 	YUYV 4:2:2 640 x 480 (15 Hz)
[usb_cam_node_exe-4] 	YUYV 4:2:2 640 x 480 (6 Hz)
[usb_cam_node_exe-4] 	YUYV 4:2:2 848 x 480 (60 Hz)
[usb_cam_node_exe-4] 	YUYV 4:2:2 848 x 480 (30 Hz)
[usb_cam_node_exe-4] 	YUYV 4:2:2 848 x 480 (15 Hz)
[usb_cam_node_exe-4] 	YUYV 4:2:2 848 x 480 (6 Hz)
[usb_cam_node_exe-4] 	YUYV 4:2:2 960 x 540 (60 Hz)
[usb_cam_node_exe-4] 	YUYV 4:2:2 960 x 540 (30 Hz)
[usb_cam_node_exe-4] 	YUYV 4:2:2 960 x 540 (15 Hz)
[usb_cam_node_exe-4] 	YUYV 4:2:2 960 x 540 (6 Hz)
[usb_cam_node_exe-4] 	YUYV 4:2:2 1280 x 720 (30 Hz)
[usb_cam_node_exe-4] 	YUYV 4:2:2 1280 x 720 (15 Hz)
[usb_cam_node_exe-4] 	YUYV 4:2:2 1280 x 720 (6 Hz)
[usb_cam_node_exe-4] 	YUYV 4:2:2 1920 x 1080 (30 Hz)
[usb_cam_node_exe-4] 	YUYV 4:2:2 1920 x 1080 (15 Hz)
[usb_cam_node_exe-4] 	YUYV 4:2:2 1920 x 1080 (6 Hz)
[usb_cam_node_exe-4] 	16-bit Bayer BGBG/GRGR (Exp.) 1920 x 1080 (30 Hz)
[usb_cam_node_exe-4] [INFO] [1780543152.624673659] [usb_cam]: Setting 'brightness' to 50
[usb_cam_node_exe-4] [INFO] [1780543152.763169607] [usb_cam]: Setting 'white_balance_temperature_auto' to 1
[usb_cam_node_exe-4] [INFO] [1780543152.763301951] [usb_cam]: Setting 'exposure_auto' to 3
[usb_cam_node_exe-4] [INFO] [1780543152.853225580] [usb_cam]: Setting 'focus_auto' to 0
[usb_cam_node_exe-4] unknown control 'focus_auto'
[usb_cam_node_exe-4] 
[usb_cam_node_exe-4] [INFO] [1780543152.934997213] [usb_cam]: Timer triggering every 33 ms
[planner_controller_node-8] [INFO] [1780543154.694062189] [planner_controller_node]: planner_controller_node subscribed to /nav/front_free_space, /nav/rear_risk, /det/detections, /odom//odom_raw; publishing /cmd_vel_raw
[odom_publisher-3] [INFO] [1780543154.783599035] [odom_publisher]: [1;32m1.000000 1.000000[0m
[free_space_node-6] [INFO] [1780543154.827196221] [free_space_node]: free_space_node subscribed to /scan, publishing /nav/front_free_space
[free_space_node-6] [INFO] [1780543154.829989496] [free_space_node]: free_space_node also publishing legacy /nav/local_obstacle_features
[odom_publisher-3] [INFO] [1780543154.832925952] [odom_publisher]: [1;32mstart[0m
[rear_perception_node-7] [INFO] [1780543154.898066111] [rear_perception_node]: rear_perception_node subscribed to depth /camera/depth/image_raw and detections /det/detections, publishing /nav/rear_risk
[safety_shield_node-9] [INFO] [1780543155.298448895] [safety_shield_node]: safety_shield_node subscribed to /cmd_vel_raw, /nav/front_free_space, /nav/rear_risk; publishing /phantom/disabled_cmd_vel
[ros_robot_controller-2] [INFO] [1780543155.334204128] [ros_robot_controller]: [1;32mstart[0m
[rear_perception_node-7] [INFO] [1780543156.774332908] [rear_perception_node]: visible camera/depth topics: /camera/depth/image_raw [sensor_msgs/msg/Image]; /camera_info [sensor_msgs/msg/CameraInfo]; /image_raw/compressedDepth [sensor_msgs/msg/CompressedImage]
[planner_controller_node-8] [WARN] [1780543161.503813188] [planner_controller_node]: entering RECOVER mode=turn direction=1
[detector_node-5] /home/ubuntu/.local/lib/python3.10/site-packages/matplotlib/projections/__init__.py:63: UserWarning: Unable to import Axes3D. This may be due to multiple versions of Matplotlib being installed (e.g. as a system package and as a pip package). As a result, the 3D projection is not available.
[detector_node-5]   warnings.warn("Unable to import Axes3D. This may be due to multiple versions of "
[planner_controller_node-8] [WARN] [1780543164.699875636] [planner_controller_node]: entering RECOVER mode=turn direction=1
[detector_node-5] [INFO] [1780543167.318839898] [detector_node]: loaded YOLO model: /home/ubuntu/phantom_ws/models/yolo/phantom_cone_yellow_random200_best.pt
[detector_node-5] [INFO] [1780543167.373297167] [detector_node]: detector_node started in YOLO mode: image /usb_cam/image_raw -> /det/detections, depth /camera/depth/image_rect_raw
[detector_node-5] [INFO] [1780543171.040662287] [detector_node]: saved first YOLO detection visualization: /home/ubuntu/phantom_ws/artifacts/real_10s_debug_after_fix2/first_yolo_detection.png
